<?xml version="1.0" encoding="utf-8" ?>
<result>
	<row>
		<type>metric</type>
		<category>Visitors</category>
		<name>Actions In Visit</name>
		<segment>actions</segment>
	</row>
	<row>
		<type>metric</type>
		<category>Visitors</category>
		<name>Days since first visit</name>
		<segment>daysSinceFirstVisit</segment>
	</row>
	<row>
		<type>metric</type>
		<category>Visitors</category>
		<name>Days since last Ecommerce order</name>
		<segment>daysSinceLastEcommerceOrder</segment>
	</row>
	<row>
		<type>metric</type>
		<category>Visitors</category>
		<name>Days since last visit</name>
		<segment>daysSinceLastVisit</segment>
	</row>
	<row>
		<type>metric</type>
		<category>Visitors</category>
		<name>Events</name>
		<segment>events</segment>
		<acceptedValues>To select all visits who triggered an Event, use: &amp;segment=events&gt;0</acceptedValues>
	</row>
	<row>
		<type>metric</type>
		<category>Visitors</category>
		<name>Local time - minute (Start of visit)</name>
		<segment>visitLocalMinute</segment>
		<acceptedValues>0, 1, 2, 3, ..., 67, 57, 58, 59</acceptedValues>
	</row>
	<row>
		<type>metric</type>
		<category>Visitors</category>
		<name>Number of Interactions</name>
		<segment>interactions</segment>
		<acceptedValues>Any positive integer</acceptedValues>
	</row>
	<row>
		<type>metric</type>
		<category>Visitors</category>
		<name>Number of Internal Searches</name>
		<segment>searches</segment>
		<acceptedValues>To select all visits who used internal Site Search, use: &amp;segment=searches&gt;0</acceptedValues>
	</row>
	<row>
		<type>metric</type>
		<category>Visitors</category>
		<name>Number of Pageviews</name>
		<segment>pageviews</segment>
		<acceptedValues>Any positive integer</acceptedValues>
	</row>
	<row>
		<type>metric</type>
		<category>Visitors</category>
		<name>Number of visits</name>
		<segment>visitCount</segment>
	</row>
	<row>
		<type>metric</type>
		<category>Visitors</category>
		<name>Seconds since first visit</name>
		<segment>secondsSinceFirstVisit</segment>
	</row>
	<row>
		<type>metric</type>
		<category>Visitors</category>
		<name>Seconds since last Ecommerce order</name>
		<segment>secondsSinceLastEcommerceOrder</segment>
	</row>
	<row>
		<type>metric</type>
		<category>Visitors</category>
		<name>Seconds since last visit</name>
		<segment>secondsSinceLastVisit</segment>
	</row>
	<row>
		<type>metric</type>
		<category>Visitors</category>
		<name>Visit Duration (in seconds)</name>
		<segment>visitDuration</segment>
	</row>
	<row>
		<type>metric</type>
		<category>Visitors</category>
		<name>Visitor IP</name>
		<segment>visitIp</segment>
		<acceptedValues>13.54.122.1. &lt;/code&gt;Select IP ranges with notation: &lt;code&gt;visitIp&gt;13.54.122.0;visitIp&lt;13.54.122.255</acceptedValues>
		<permission>1</permission>
	</row>
	<row>
		<type>dimension</type>
		<category>Visitors</category>
		<name>Browser</name>
		<segment>browserName</segment>
		<acceptedValues>FireFox, Internet Explorer, Chrome, Safari, Opera etc.</acceptedValues>
	</row>
	<row>
		<type>dimension</type>
		<category>Visitors</category>
		<name>Browser code</name>
		<segment>browserCode</segment>
		<acceptedValues>FF, IE, CH, SF, OP etc.</acceptedValues>
	</row>
	<row>
		<type>dimension</type>
		<category>Visitors</category>
		<name>Browser engine</name>
		<segment>browserEngine</segment>
		<acceptedValues>Trident, WebKit, Presto, Gecko, Blink, etc.</acceptedValues>
		<suggestedValuesCallback>\DeviceDetector\Parser\Client\Browser\Engine::getAvailableEngines</suggestedValuesCallback>
	</row>
	<row>
		<type>dimension</type>
		<category>Visitors</category>
		<name>Browser version</name>
		<segment>browserVersion</segment>
		<acceptedValues>1.0, 8.0, etc.</acceptedValues>
	</row>
	<row>
		<type>dimension</type>
		<category>Visitors</category>
		<name>Device brand</name>
		<segment>deviceBrand</segment>
		<acceptedValues>2E, 2F Mobile, 3GNET, 3Q, 4Good, 4ife, 360, 8848, A1, Accent, Ace, Acer, Acteck, Advan, Advance, AfriOne, AGM, Ainol, Airness, Airties, AIS, Aiuto, Aiwa, Akai, Alba, Alcatel, Alcor, ALDI NORD, ALDI SÜD, Alfawise, Aligator, AllCall, AllDocube, Allview, Allwinner, Altech UEC, Altice, altron, Amazon, AMGOO, Amigoo, Amoi, Andowl, Anry, ANS, AOC, Aoson, Apple, Archos, Arian Space, Ark, ArmPhone, Arnova, ARRIS, Artel, Artizlee, Asano, Asanzo, Ask, Aspera, Assistant, Asus, AT&amp;T, Atom, Atvio, Audiovox, AURIS, Avenzo, AVH, Avvio, Axxion, Azumi Mobile, BangOlufsen, Barnes &amp; Noble, BBK, BB Mobile, BDF, Becker, Beeline, Beelink, Beetel, Bellphone, BenQ, BenQ-Siemens, Beyond, Bezkam, BGH, Bigben, BIHEE, BilimLand, Billion, BioRugged, Bird, Bitel, Bitmore, Bkav, Black Bear, Black Fox, Blackview, Blaupunkt, Blloc, Blu, Bluboo, Bluedot, Bluegood, Bluewave, Bmobile, Bobarry, bogo, Boway, bq, Brandt, Bravis, BrightSign, Brondi, Bush, CAGI, Camfone, Capitel, Captiva, Carrefour, Casio, Casper, Cat, Cavion, Celcus, Celkon, Cell-C, CellAllure, Centric, CG Mobile, Changhong, Cherry Mobile, CHIA, Chico Mobile, China Mobile, Chuwi, Claresta, Clarmin, Clementoni, Cloudfone, Cloudpad, Clout, CnM, Coby Kyros, Colors, Comio, Compal, Compaq, ComTrade Tesla, Concord, ConCorde, Condor, Connectce, Connex, Conquest, Contixo, Coolpad, CORN, Cosmote, Cowon, CreNova, Crescent, Cricket, Crius Mea, Crony, Crosscall, Cube, CUBOT, CVTE, Cyrus, Daewoo, Danew, Datalogic, Datamini, Datang, Datawind, Datsun, Dbtel, Dell, Denver, Desay, DeWalt, DEXP, Dialog, Dicam, Digi, Digicel, Digihome, Digiland, Digma, Ditecma, Diva, Divisat, DMM, DNS, DoCoMo, Doffler, Dolamee, Doogee, Doopro, Doov, Dopod, Doro, Droxio, Dune HD, E-Boda, E-Ceros, E-tel, Eagle, Easypix, EBEST, Echo Mobiles, ECS, EE, Einstein, EKO, Eks Mobility, EKT, ELARI, Electroneum, ELECTRONIA, Element, Elenberg, Elephone, Eltex, Energizer, Energy Sistem, Engel, Enot, Epik One, Ergo, Ericsson, Ericy, Essential, Essentielb, eSTAR, Eton, eTouch, Etuline, Eurostar, Evercoss, Evertek, Evolio, Evolveo, EvroMedia, EWIS, EXCEED, ExMobile, EXO, Explay, Extrem, Ezio, Ezze, F&amp;U, F150, Facebook, Fairphone, Famoco, Fantec, FaRao Pro, FarEasTone, Fengxiang, Fero, FiGO, FinePower, Finlux, FireFly Mobile, Fly, FNB, Fondi, Fonos, FORME, Formuler, Forstar, Fortis, Fourel, Foxconn, Freetel, Fuego, Fujitsu, G-TiDE, G-Touch, Garmin-Asus, Gateway, Gemini, General Mobile, Genesis, GEOFOX, Geotel, GFive, Ghia, Ghong, Gigabyte, Gigaset, Gini, Ginzzu, Gionee, Globex, GLX, GOCLEVER, GoGEN, Gol Mobile, Goly, Gome, GoMobile, Google, Goophone, Gradiente, Grape, Gree, Greentel, Gresso, Grundig, Hafury, Haier, HannSpree, Hardkernel, Hasee, Helio, Hezire, Hi-Level, High Q, Highscreen, Hipstreet, Hisense, Hitachi, Hitech, Hoffmann, Hometech, Homtom, Honeywell, Hoozo, Horizon, Hosin, Hotel, Hotwav, How, HP, HTC, Huadoo, Huawei, Humax, Hurricane, Huskee, Hyrican, Hyundai, Hyve, i-Cherry, i-Joy, i-mate, i-mobile, iBall, iBerry, iBrit, IconBIT, iDroid, iGet, iHunt, Ikea, IKI Mobile, iKoMo, IKU Mobile, iLA, iLife, iMars, IMO Mobile, Impression, INCAR, Inco, iNew, Infinix, InFocus, InfoKit, Inkti, InnJoo, Innos, Innostream, Inoi, INQ, Insignia, Intek, Intex, Invens, Inverto, Invin, iOcean, iPro, iQ&amp;T, IQM, Irbis, Iris, iRola, iRulu, iSWAG, IT, iTel, iTruck, IUNI, iVA, iView, iVooMi, iZotron, JAY-Tech, Jesy, JFone, Jiake, Jiayu, Jinga, Jivi, JKL, Jolla, Just5, JVC, K-Touch, Kaan, Kaiomy, Kalley, Kanji, Karbonn, Kata, KATV1, Kazam, KDDI, Kempler &amp; Strauss, Keneksi, Kenxinda, Kiano, Kingsun, KINGZONE, Kivi, Klipad, Kocaso, Kodak, Kogan, Komu, Konka, Konrow, Koobee, Koolnee, Kooper, KOPO, Koridy, KRONO, Krüger&amp;Matz, KT-Tech, KUBO, Kuliao, Kult, Kumai, Kyocera, Kyowon, Kzen, LAIQ, Land Rover, Landvo, Lanix, Lark, Laurus, Lava, LCT, Leader Phone, Leagoo, Ledstar, LeEco, Leff, Lemhoov, Lenco, Lenovo, Leotec, Le Pan, Lephone, Lesia, Lexand, Lexibook, LG, Lifemaxx, Lingwin, Linnex, Linsar, Loewe, Logic, Logicom, LT Mobile, Lumigon, Lumus, Luna, Luxor, LYF, M-Tech, M.T.T., M4tel, MAC AUDIO, Macoox, Magnus, Majestic, Malata, Manhattan, Mann, Manta Multimedia, Mantra, Masstel, Matrix, Maxcom, Maximus, Maxtron, MAXVI, Maxwest, Maze, Maze Speed, MDC Store, meanIT, Mecer, Mecool, Mediacom, MediaTek, Medion, MEEG, MegaFon, Meitu, Meizu, Melrose, Memup, Metz, MEU, MicroMax, Microsoft, Minix, Mintt, Mio, Miray, Mito, Mitsubishi, MIVO, MIXC, MiXzo, MLLED, MLS, Mobicel, Mobiistar, Mobiola, Mobistel, MobiWire, Mobo, Modecom, Mofut, Motorola, Movic, Mpman, MSI, MStar, MTC, MTN, Multilaser, MYFON, MyPhone, Myria, Myros, Mystery, MyTab, MyWigo, Nabi, Naomi Phone, National, Navcity, Navitech, Navitel, Navon, NEC, Necnot, Neffos, Neomi, Netgear, NeuImage, Newgen, Newland, Newman, Newsday, NewsMy, NEXBOX, Nexian, NEXON, Nextbit, NextBook, NextTab, NGM, NG Optics, Nikon, Nintendo, NOA, Noain, Nobby, Noblex, NOBUX, Nokia, Nomi, Nomu, Nordmende, NorthTech, Nos, Nous, NuAns, NUU Mobile, Nuvo, Nvidia, NYX Mobile, O+, O2, Oale, OASYS, Obi, Odys, OINOM, Ok, Okapia, OKWU, Onda, OnePlus, Onix, ONN, ONYX BOOX, OpelMobile, Openbox, OPPO, Opsson, Orange, Orbic, Ordissimo, Ouki, Oukitel, OUYA, Overmax, Ovvi, Owwo, Oysters, Oyyu, OzoneHD, P-UP, Palm, Panacom, Panasonic, Pantech, PCBOX, PCD, PCD Argentina, PEAQ, Pendoo, Pentagram, Phicomm, Philco, Philips, Phonemax, phoneOne, Pioneer, PiPO, Pixela, Pixelphone, Pixus, Planet Computers, Ployer, Plum, Pluzz, PocketBook, POCO, Point of View, Polaroid, PolyPad, Polytron, Pomp, Poppox, Positivo, Positivo BGH, PPTV, Premio, Prestigio, Primepad, Primux, Prixton, PROFiLO, Proline, ProScan, Protruly, PULID, Q-Touch, Q.Bell, Qilive, QMobile, Qtek, Quantum, Quechua, Qumo, R-TV, Ramos, Ravoz, Razer, RCA Tablets, Reach, Readboy, Realme, RED, Reeder, REGAL, Rikomagic, RIM, Rinno, Ritmix, Ritzviva, Riviera, Roadrover, Rokit, Roku, Rombica, Ross&amp;Moor, Rover, RoverPad, RT Project, RugGear, Ruio, Runbo, Ryte, S-TELL, Saba, Safaricom, Sagem, Salora, Samsung, Sanei, Sansui, Santin, Sanyo, Savio, SCBC, Schneider, Seatel, Seeken, SEG, Sega, Selenga, Selevision, Selfix, SEMP TCL, Sencor, Sendo, Senkatel, Senseit, Senwa, Seuic, SFR, Sharp, Shift Phones, Shtrikh-M, Shuttle, Sico, Siemens, Sigma, Silelis, Silent Circle, Simbans, Simply, Singtech, Siragon, SKG, Sky, Skyworth, Smadl, Smailo, Smart, Smartab, SMARTEC, Smartfren, Smartisan, Softbank, SOLE, SOLO, Solone, Sonim, SONOS, Sony, Sony Ericsson, Soundmax, Soyes, Spark, SPC, Spectrum, Spice, SQOOL, Star, Starlight, Starmobile, Starway, STF Mobile, STK, Stonex, Storex, StrawBerry, Subor, Sugar, Sumvision, Sunny, Sunstech, SunVan, Sunvell, SuperSonic, SuperTab, Supra, Suzuki, Swipe, SWISSMOBILITY, Swisstone, SWTV, Symphony, Syrox, T-Mobile, Takara, Tanix, TB Touch, TCL, TD Systems, Technicolor, Technika, TechniSat, TechnoTrend, TechPad, Techwood, Teclast, Tecno Mobile, TEENO, Teknosa, Tele2, Telefunken, Telego, Telenor, Telit, Tesco, Tesla, Tetratab, teXet, ThL, Thomson, Thuraya, TIANYU, Time2, Timovi, Tinai, Tinmo, TiPhone, TOKYO, Tolino, Tone, Tooky, Top House, Toplux, Topway, Torex, Toshiba, Touchmate, Transpeed, TrekStor, Trevi, Trifone, Trio, Tronsmart, True, True Slim, TTEC, Tunisie Telecom, Turbo, Turbo-X, TurboKids, TVC, TWM, Twoe, TWZ, Tymes, U.S. Cellular, Ugoos, Uhans, Uhappy, Ulefone, Umax, UMIDIGI, Unihertz, Unimax, Uniscope, UNIWA, Unknown, Unnecto, Unonu, Unowhy, UTOK, UTStarcom, v-mobile, VAIO, Vastking, VC, Venso, Verico, Verizon, Vernee, Vertex, Vertu, Verykool, Vesta, Vestel, VGO TEL, Videocon, Videoweb, ViewSonic, Vinga, Vinsoc, Vipro, Vision Touch, Vitelcom, Viumee, Vivax, Vivo, Vizio, VK Mobile, VKworld, Vodacom, Vodafone, Vonino, Vontar, Vorago, Vorke, Voto, VOX, Voxtel, Voyo, Vsmart, Vsun, Vulcan, VVETIME, Walton, WE, Web TV, Weimei, WellcoM, WELLINGTON, Western Digital, Westpoint, Wexler, Wieppo, Wigor, Wiko, Wileyfox, Winds, Wink, Winmax, Winnovo, Wintouch, Wiseasy, Wizz, Wolder, Wolfgang, Wonu, Woo, Wortmann, Woxter, X-BO, X-TIGI, X-View, X.Vision, Xgody, Xiaolajiao, Xiaomi, Xion, Xolo, Xoro, Xshitou, Xtouch, Yandex, Yarvik, Yes, Yezz, Yoka TV, Yota, Ytone, Yu, Yuandao, YUHO, Yusun, Yxtel, Zatec, Zebra, Zeemi, Zen, Zenek, Zentality, Zfiner, ZH&amp;K, Zidoo, Ziox, Zonda, Zopo, ZTE, Zuum, Zync, ZYQ, öwn</acceptedValues>
	</row>
	<row>
		<type>dimension</type>
		<category>Visitors</category>
		<name>Device model</name>
		<segment>deviceModel</segment>
		<acceptedValues>iPad, Nexus 5, Galaxy S5, Fire TV, etc.</acceptedValues>
	</row>
	<row>
		<type>dimension</type>
		<category>Visitors</category>
		<name>Device type</name>
		<segment>deviceType</segment>
		<acceptedValues>desktop, smartphone, tablet, feature phone, console, tv, car browser, smart display, camera, portable media player, phablet, smart speaker, wearable, peripheral</acceptedValues>
	</row>
	<row>
		<type>dimension</type>
		<category>Visitors</category>
		<name>Fingerprint</name>
		<segment>fingerprint</segment>
		<acceptedValues>1eceaa833348b187 - any 16 Hexadecimal chars ID, which can be fetched from API.getLastVisitsDetails</acceptedValues>
		<permission>1</permission>
	</row>
	<row>
		<type>dimension</type>
		<category>Visitors</category>
		<name>Local time - hour (Start of visit)</name>
		<segment>visitLocalHour</segment>
		<acceptedValues>0, 1, 2, 3, ..., 20, 21, 22, 23</acceptedValues>
	</row>
	<row>
		<type>dimension</type>
		<category>Visitors</category>
		<name>Operating system</name>
		<segment>operatingSystemName</segment>
		<acceptedValues>Windows, Linux, Mac, Android, iOS etc.</acceptedValues>
	</row>
	<row>
		<type>dimension</type>
		<category>Visitors</category>
		<name>Operating system code</name>
		<segment>operatingSystemCode</segment>
		<acceptedValues>WIN, LIN, MAX, AND, IOS etc.</acceptedValues>
	</row>
	<row>
		<type>dimension</type>
		<category>Visitors</category>
		<name>Operating system version</name>
		<segment>operatingSystemVersion</segment>
		<acceptedValues>XP, 7, 2.3, 5.1, ...</acceptedValues>
	</row>
	<row>
		<type>dimension</type>
		<category>Visitors</category>
		<name>Profilable</name>
		<segment>profilable</segment>
		<acceptedValues>1 for profilable (eg cookies were used), 0 for not profilable (eg no cookies were used)</acceptedValues>
	</row>
	<row>
		<type>dimension</type>
		<category>Visitors</category>
		<name>Resolution</name>
		<segment>resolution</segment>
		<acceptedValues>1280x1024, 800x600, etc.</acceptedValues>
	</row>
	<row>
		<type>dimension</type>
		<category>Visitors</category>
		<name>Server time - date (Time of last action)</name>
		<segment>visitEndServerDate</segment>
		<acceptedValues>2018-12-31, 2018-03-20, ...</acceptedValues>
	</row>
	<row>
		<type>dimension</type>
		<category>Visitors</category>
		<name>Server time - day of month (Time of last action)</name>
		<segment>visitEndServerDayOfMonth</segment>
		<acceptedValues>0, 1, 2, 3, ..., 29, 30, 31</acceptedValues>
	</row>
	<row>
		<type>dimension</type>
		<category>Visitors</category>
		<name>Server time - day of week (Time of last action)</name>
		<segment>visitEndServerDayOfWeek</segment>
		<acceptedValues>1, 2, 3, 4, 5, 6, 7</acceptedValues>
	</row>
	<row>
		<type>dimension</type>
		<category>Visitors</category>
		<name>Server time - day of year (Time of last action)</name>
		<segment>visitEndServerDayOfYear</segment>
		<acceptedValues>1, 2, 3, 4, ..., 365, 366</acceptedValues>
	</row>
	<row>
		<type>dimension</type>
		<category>Visitors</category>
		<name>Server time - hour (Start of visit)</name>
		<segment>visitStartServerHour</segment>
		<acceptedValues>0, 1, 2, 3, ..., 20, 21, 22, 23</acceptedValues>
	</row>
	<row>
		<type>dimension</type>
		<category>Visitors</category>
		<name>Server time - hour (Time of last action)</name>
		<segment>visitServerHour</segment>
		<acceptedValues>0, 1, 2, 3, ..., 20, 21, 22, 23</acceptedValues>
	</row>
	<row>
		<type>dimension</type>
		<category>Visitors</category>
		<name>Server time - minute (Start of visit)</name>
		<segment>visitStartServerMinute</segment>
		<acceptedValues>0, 1, 2, 3, ..., 56, 57, 58, 59</acceptedValues>
	</row>
	<row>
		<type>dimension</type>
		<category>Visitors</category>
		<name>Server time - minute (Time of last action)</name>
		<segment>visitEndServerMinute</segment>
		<acceptedValues>0, 1, 2, 3, ..., 56, 57, 58, 59</acceptedValues>
	</row>
	<row>
		<type>dimension</type>
		<category>Visitors</category>
		<name>Server time - month (Time of last action)</name>
		<segment>visitEndServerMonth</segment>
		<acceptedValues>1, 2, 3, ..., 11, 12</acceptedValues>
	</row>
	<row>
		<type>dimension</type>
		<category>Visitors</category>
		<name>Server time - quarter (Time of last action)</name>
		<segment>visitEndServerQuarter</segment>
		<acceptedValues>1, 2, 3, 4</acceptedValues>
	</row>
	<row>
		<type>dimension</type>
		<category>Visitors</category>
		<name>Server time - second (Time of last action)</name>
		<segment>visitEndServerSecond</segment>
		<acceptedValues>0, 1, 2, 3, ..., 58, 59</acceptedValues>
	</row>
	<row>
		<type>dimension</type>
		<category>Visitors</category>
		<name>Server time - week of year (Time of last action)</name>
		<segment>visitEndServerWeekOfYear</segment>
		<acceptedValues>1, 2, 3, 4, ..., 51, 52, 53</acceptedValues>
	</row>
	<row>
		<type>dimension</type>
		<category>Visitors</category>
		<name>Server time - year (Time of last action)</name>
		<segment>visitEndServerYear</segment>
		<acceptedValues>2016, 2017, 2018, ..., 9998, 9999</acceptedValues>
	</row>
	<row>
		<type>dimension</type>
		<category>Visitors</category>
		<name>User ID</name>
		<segment>userId</segment>
		<acceptedValues>any non empty unique string identifying the user (such as an email address or a username).</acceptedValues>
		<permission>1</permission>
	</row>
	<row>
		<type>dimension</type>
		<category>Visitors</category>
		<name>Visit Ecommerce status at the end of the visit</name>
		<segment>visitEcommerceStatus</segment>
		<acceptedValues>none, ordered, abandonedCart, orderedThenAbandonedCart. For example, to select all visits that have made an Ecommerce order, the API request would contain &quot;&amp;segment=visitEcommerceStatus==ordered,visitEcommerceStatus==orderedThenAbandonedCart&quot;</acceptedValues>
	</row>
	<row>
		<type>dimension</type>
		<category>Visitors</category>
		<name>Visit ID</name>
		<segment>visitId</segment>
		<acceptedValues>Any integer.</acceptedValues>
		<permission>1</permission>
	</row>
	<row>
		<type>dimension</type>
		<category>Visitors</category>
		<name>Visit converted a specific Goal Id</name>
		<segment>visitConvertedGoalId</segment>
		<acceptedValues>1, 2, 3, etc.</acceptedValues>
	</row>
	<row>
		<type>dimension</type>
		<category>Visitors</category>
		<name>Visit converted at least one Goal</name>
		<segment>visitConverted</segment>
		<acceptedValues>0, 1</acceptedValues>
	</row>
	<row>
		<type>dimension</type>
		<category>Visitors</category>
		<name>Visit type</name>
		<segment>visitorType</segment>
		<acceptedValues>new, returning, returningCustomer. For example, to select all visitors who have returned to the website, including those who have bought something in their previous visits, the API request would contain &quot;&amp;segment=visitorType==returning,visitorType==returningCustomer&quot;</acceptedValues>
	</row>
	<row>
		<type>dimension</type>
		<category>Visitors</category>
		<name>Visitor ID</name>
		<segment>visitorId</segment>
		<acceptedValues>34c31e04394bdc63 - any 16 Hexadecimal chars ID, which can be fetched using the Tracking API function getVisitorId()</acceptedValues>
		<permission>1</permission>
	</row>
	<row>
		<type>dimension</type>
		<category>Visit Location</category>
		<name>City</name>
		<segment>city</segment>
		<acceptedValues>Sydney, Sao Paolo, Rome, etc.</acceptedValues>
	</row>
	<row>
		<type>dimension</type>
		<category>Visit Location</category>
		<name>Continent</name>
		<segment>continentCode</segment>
		<acceptedValues>eur, asi, amc, amn, ams, afr, ant, oce</acceptedValues>
	</row>
	<row>
		<type>dimension</type>
		<category>Visit Location</category>
		<name>Country</name>
		<segment>countryName</segment>
		<acceptedValues>Germany, France, Spain, ...</acceptedValues>
	</row>
	<row>
		<type>dimension</type>
		<category>Visit Location</category>
		<name>Country code</name>
		<segment>countryCode</segment>
		<acceptedValues>ISO 3166-1 alpha-2 country codes (de, us, fr, in, es, etc.)</acceptedValues>
	</row>
	<row>
		<type>dimension</type>
		<category>Visit Location</category>
		<name>Language</name>
		<segment>languageCode</segment>
		<acceptedValues>de, fr, en-gb, zh-cn, etc.</acceptedValues>
	</row>
	<row>
		<type>dimension</type>
		<category>Visit Location</category>
		<name>Latitude</name>
		<segment>latitude</segment>
		<acceptedValues>-33.578, 40.830, etc.&lt;br/&gt;You can select visitors within a lat/long range using &amp;segment=lat&gt;X;lat&lt;Y;long&gt;M;long&lt;N.</acceptedValues>
	</row>
	<row>
		<type>dimension</type>
		<category>Visit Location</category>
		<name>Longitude</name>
		<segment>longitude</segment>
		<acceptedValues>-70.664, 14.326, etc.</acceptedValues>
	</row>
	<row>
		<type>dimension</type>
		<category>Visit Location</category>
		<name>Region</name>
		<segment>regionCode</segment>
		<acceptedValues>01 02, OR, P8, etc.&lt;br/&gt;eg. region=BFC;country=fr</acceptedValues>
	</row>
	<row>
		<type>dimension</type>
		<category>Custom Variables</category>
		<name>Custom Variable name (scope visit)</name>
		<segment>customVariableName</segment>
		<unionOfSegments>
			<row>customVariableName1</row>
			<row>customVariableName2</row>
			<row>customVariableName3</row>
			<row>customVariableName4</row>
			<row>customVariableName5</row>
		</unionOfSegments>
	</row>
	<row>
		<type>dimension</type>
		<category>Custom Variables</category>
		<name>Custom Variable name 1 (scope visit)</name>
		<segment>customVariableName1</segment>
	</row>
	<row>
		<type>dimension</type>
		<category>Custom Variables</category>
		<name>Custom Variable name 2 (scope visit)</name>
		<segment>customVariableName2</segment>
	</row>
	<row>
		<type>dimension</type>
		<category>Custom Variables</category>
		<name>Custom Variable name 3 (scope visit)</name>
		<segment>customVariableName3</segment>
	</row>
	<row>
		<type>dimension</type>
		<category>Custom Variables</category>
		<name>Custom Variable name 4 (scope visit)</name>
		<segment>customVariableName4</segment>
	</row>
	<row>
		<type>dimension</type>
		<category>Custom Variables</category>
		<name>Custom Variable name 5 (scope visit)</name>
		<segment>customVariableName5</segment>
	</row>
	<row>
		<type>dimension</type>
		<category>Custom Variables</category>
		<name>Custom Variable name (scope page)</name>
		<segment>customVariablePageName</segment>
		<unionOfSegments>
			<row>customVariablePageName1</row>
			<row>customVariablePageName2</row>
			<row>customVariablePageName3</row>
			<row>customVariablePageName4</row>
			<row>customVariablePageName5</row>
		</unionOfSegments>
	</row>
	<row>
		<type>dimension</type>
		<category>Custom Variables</category>
		<name>Custom Variable name 1 (scope page)</name>
		<segment>customVariablePageName1</segment>
	</row>
	<row>
		<type>dimension</type>
		<category>Custom Variables</category>
		<name>Custom Variable name 2 (scope page)</name>
		<segment>customVariablePageName2</segment>
	</row>
	<row>
		<type>dimension</type>
		<category>Custom Variables</category>
		<name>Custom Variable name 3 (scope page)</name>
		<segment>customVariablePageName3</segment>
	</row>
	<row>
		<type>dimension</type>
		<category>Custom Variables</category>
		<name>Custom Variable name 4 (scope page)</name>
		<segment>customVariablePageName4</segment>
	</row>
	<row>
		<type>dimension</type>
		<category>Custom Variables</category>
		<name>Custom Variable name 5 (scope page)</name>
		<segment>customVariablePageName5</segment>
	</row>
	<row>
		<type>dimension</type>
		<category>Custom Variables</category>
		<name>Custom Variable value (scope page)</name>
		<segment>customVariablePageValue</segment>
		<unionOfSegments>
			<row>customVariablePageValue1</row>
			<row>customVariablePageValue2</row>
			<row>customVariablePageValue3</row>
			<row>customVariablePageValue4</row>
			<row>customVariablePageValue5</row>
		</unionOfSegments>
	</row>
	<row>
		<type>dimension</type>
		<category>Custom Variables</category>
		<name>Custom Variable value 1 (scope page)</name>
		<segment>customVariablePageValue1</segment>
	</row>
	<row>
		<type>dimension</type>
		<category>Custom Variables</category>
		<name>Custom Variable value 2 (scope page)</name>
		<segment>customVariablePageValue2</segment>
	</row>
	<row>
		<type>dimension</type>
		<category>Custom Variables</category>
		<name>Custom Variable value 3 (scope page)</name>
		<segment>customVariablePageValue3</segment>
	</row>
	<row>
		<type>dimension</type>
		<category>Custom Variables</category>
		<name>Custom Variable value 4 (scope page)</name>
		<segment>customVariablePageValue4</segment>
	</row>
	<row>
		<type>dimension</type>
		<category>Custom Variables</category>
		<name>Custom Variable value 5 (scope page)</name>
		<segment>customVariablePageValue5</segment>
	</row>
	<row>
		<type>dimension</type>
		<category>Custom Variables</category>
		<name>Custom Variable value (scope visit)</name>
		<segment>customVariableValue</segment>
		<unionOfSegments>
			<row>customVariableValue1</row>
			<row>customVariableValue2</row>
			<row>customVariableValue3</row>
			<row>customVariableValue4</row>
			<row>customVariableValue5</row>
		</unionOfSegments>
	</row>
	<row>
		<type>dimension</type>
		<category>Custom Variables</category>
		<name>Custom Variable value 1 (scope visit)</name>
		<segment>customVariableValue1</segment>
	</row>
	<row>
		<type>dimension</type>
		<category>Custom Variables</category>
		<name>Custom Variable value 2 (scope visit)</name>
		<segment>customVariableValue2</segment>
	</row>
	<row>
		<type>dimension</type>
		<category>Custom Variables</category>
		<name>Custom Variable value 3 (scope visit)</name>
		<segment>customVariableValue3</segment>
	</row>
	<row>
		<type>dimension</type>
		<category>Custom Variables</category>
		<name>Custom Variable value 4 (scope visit)</name>
		<segment>customVariableValue4</segment>
	</row>
	<row>
		<type>dimension</type>
		<category>Custom Variables</category>
		<name>Custom Variable value 5 (scope visit)</name>
		<segment>customVariableValue5</segment>
	</row>
	<row>
		<type>metric</type>
		<category>Behaviour</category>
		<name>Bandwidth</name>
		<segment>bandwidth</segment>
		<acceptedValues>Any number in bytes, eg. 1000</acceptedValues>
	</row>
	<row>
		<type>dimension</type>
		<category>Behaviour</category>
		<name>Action Type</name>
		<segment>actionType</segment>
		<acceptedValues>A type of action, such as: pageviews, contents, sitesearches, events, outlinks, downloads</acceptedValues>
	</row>
	<row>
		<type>dimension</type>
		<category>Behaviour</category>
		<name>Action URL</name>
		<segment>actionUrl</segment>
		<unionOfSegments>
			<row>pageUrl</row>
			<row>downloadUrl</row>
			<row>outlinkUrl</row>
			<row>eventUrl</row>
		</unionOfSegments>
	</row>
	<row>
		<type>dimension</type>
		<category>Behaviour</category>
		<name>Category (Site Search)</name>
		<segment>siteSearchCategory</segment>
	</row>
	<row>
		<type>dimension</type>
		<category>Behaviour</category>
		<name>Clicked Outlink</name>
		<segment>outlinkUrl</segment>
	</row>
	<row>
		<type>dimension</type>
		<category>Behaviour</category>
		<name>Content Interaction</name>
		<segment>contentInteraction</segment>
		<acceptedValues>The type of interaction with the content. For instance &quot;click&quot; or &quot;submit&quot;.</acceptedValues>
	</row>
	<row>
		<type>dimension</type>
		<category>Behaviour</category>
		<name>Content Name</name>
		<segment>contentName</segment>
		<acceptedValues>The name of a content block, for instance &quot;Ad Sale&quot;</acceptedValues>
	</row>
	<row>
		<type>dimension</type>
		<category>Behaviour</category>
		<name>Content Piece</name>
		<segment>contentPiece</segment>
		<acceptedValues>The actual content. For instance &quot;ad.jpg&quot; or &quot;My text ad&quot;</acceptedValues>
	</row>
	<row>
		<type>dimension</type>
		<category>Behaviour</category>
		<name>Content Target</name>
		<segment>contentTarget</segment>
		<acceptedValues>For instance the URL of a landing page: &quot;http://landingpage.example.com&quot;</acceptedValues>
	</row>
	<row>
		<type>dimension</type>
		<category>Behaviour</category>
		<name>Download URL</name>
		<segment>downloadUrl</segment>
	</row>
	<row>
		<type>dimension</type>
		<category>Behaviour</category>
		<name>Entry Page URL</name>
		<segment>entryPageUrl</segment>
	</row>
	<row>
		<type>dimension</type>
		<category>Behaviour</category>
		<name>Entry Page title</name>
		<segment>entryPageTitle</segment>
	</row>
	<row>
		<type>dimension</type>
		<category>Behaviour</category>
		<name>Exit Page Title</name>
		<segment>exitPageTitle</segment>
	</row>
	<row>
		<type>dimension</type>
		<category>Behaviour</category>
		<name>Exit Page URL</name>
		<segment>exitPageUrl</segment>
	</row>
	<row>
		<type>dimension</type>
		<category>Behaviour</category>
		<name>Keyword (Site Search)</name>
		<segment>siteSearchKeyword</segment>
	</row>
	<row>
		<type>dimension</type>
		<category>Behaviour</category>
		<name>Keyword count (Site Search)</name>
		<segment>siteSearchCount</segment>
	</row>
	<row>
		<type>dimension</type>
		<category>Behaviour</category>
		<name>Page Title</name>
		<segment>pageTitle</segment>
	</row>
	<row>
		<type>dimension</type>
		<category>Behaviour</category>
		<name>Page URL</name>
		<segment>pageUrl</segment>
		<acceptedValues>All these segments must be URL encoded, for example: http%3A%2F%2Fexample.com%2Fpath%2Fpage%3Fquery</acceptedValues>
	</row>
	<row>
		<type>dimension</type>
		<category>Behaviour</category>
		<name>Server time - hour</name>
		<segment>actionServerHour</segment>
	</row>
	<row>
		<type>dimension</type>
		<category>Behaviour</category>
		<name>Server time - minute</name>
		<segment>actionServerMinute</segment>
		<acceptedValues>0, 1, 2, 3, ..., 56, 57, 58, 59</acceptedValues>
	</row>
	<row>
		<type>metric</type>
		<category>Events</category>
		<name>Event value</name>
		<segment>eventValue</segment>
	</row>
	<row>
		<type>dimension</type>
		<category>Events</category>
		<name>Event Action</name>
		<segment>eventAction</segment>
	</row>
	<row>
		<type>dimension</type>
		<category>Events</category>
		<name>Event Category</name>
		<segment>eventCategory</segment>
	</row>
	<row>
		<type>dimension</type>
		<category>Events</category>
		<name>Event Name</name>
		<segment>eventName</segment>
	</row>
	<row>
		<type>dimension</type>
		<category>Events</category>
		<name>Event URL</name>
		<segment>eventUrl</segment>
		<acceptedValues>The URL must be URL encoded, for example: http%3A%2F%2Fexample.com%2Fpath%2Fpage%3Fquery</acceptedValues>
	</row>
	<row>
		<type>dimension</type>
		<category>Acquisition</category>
		<name>Channel Type</name>
		<segment>referrerType</segment>
		<acceptedValues>direct, search, website, campaign</acceptedValues>
	</row>
	<row>
		<type>dimension</type>
		<category>Acquisition</category>
		<name>Keyword</name>
		<segment>referrerKeyword</segment>
		<acceptedValues>Encoded%20Keyword, keyword</acceptedValues>
	</row>
	<row>
		<type>dimension</type>
		<category>Acquisition</category>
		<name>Referrer Name</name>
		<segment>referrerName</segment>
		<acceptedValues>twitter.com, www.facebook.com, Bing, Google, Yahoo, CampaignName</acceptedValues>
	</row>
	<row>
		<type>dimension</type>
		<category>Acquisition</category>
		<name>Referrer URL</name>
		<segment>referrerUrl</segment>
		<acceptedValues>http%3A%2F%2Fwww.example.org%2Freferer-page.htm</acceptedValues>
	</row>
	<row>
		<type>metric</type>
		<category>Ecommerce</category>
		<name>Order ID</name>
		<segment>orderId</segment>
	</row>
	<row>
		<type>metric</type>
		<category>Ecommerce</category>
		<name>Product Price</name>
		<segment>productPrice</segment>
	</row>
	<row>
		<type>metric</type>
		<category>Ecommerce</category>
		<name>Viewed Product Price</name>
		<segment>productViewPrice</segment>
	</row>
	<row>
		<type>dimension</type>
		<category>Ecommerce</category>
		<name>Product Category</name>
		<segment>productCategory</segment>
		<unionOfSegments>
			<row>productCategory1</row>
			<row>productCategory2</row>
			<row>productCategory3</row>
			<row>productCategory4</row>
			<row>productCategory5</row>
		</unionOfSegments>
	</row>
	<row>
		<type>dimension</type>
		<category>Ecommerce</category>
		<name>Product Name</name>
		<segment>productName</segment>
	</row>
	<row>
		<type>dimension</type>
		<category>Ecommerce</category>
		<name>Product SKU</name>
		<segment>productSku</segment>
	</row>
	<row>
		<type>dimension</type>
		<category>Ecommerce</category>
		<name>Viewed Product Category</name>
		<segment>productViewCategory</segment>
		<unionOfSegments>
			<row>productViewCategory1</row>
			<row>productViewCategory2</row>
			<row>productViewCategory3</row>
			<row>productViewCategory4</row>
			<row>productViewCategory5</row>
		</unionOfSegments>
	</row>
	<row>
		<type>dimension</type>
		<category>Ecommerce</category>
		<name>Viewed Product Name</name>
		<segment>productViewName</segment>
	</row>
	<row>
		<type>dimension</type>
		<category>Ecommerce</category>
		<name>Viewed Product SKU</name>
		<segment>productViewSku</segment>
	</row>
</result>